[INFO] Scanning for projects...
[INFO]                                                                         
[INFO] ------------------------------------------------------------------------
[INFO] Building monitor 1.0-SNAPSHOT
[INFO] ------------------------------------------------------------------------
[INFO] 
[INFO] --- maven-clean-plugin:2.5:clean (default-clean) @ monitor ---
[INFO] Deleting C:\Users\Anarion\IdeaProjects\CsvMonitorApp\target
[INFO] 
[INFO] --- maven-resources-plugin:2.6:resources (default-resources) @ monitor ---
[WARNING] Using platform encoding (Cp1251 actually) to copy filtered resources, i.e. build is platform dependent!
[INFO] Copying 6 resources
[INFO] 
[INFO] --- maven-compiler-plugin:3.1:compile (default-compile) @ monitor ---
[INFO] Changes detected - recompiling the module!
[WARNING] File encoding has not been set, using platform encoding Cp1251, i.e. build is platform dependent!
[INFO] Compiling 11 source files to C:\Users\Anarion\IdeaProjects\CsvMonitorApp\target\classes
[INFO] 
[INFO] --- maven-resources-plugin:2.6:testResources (default-testResources) @ monitor ---
[WARNING] Using platform encoding (Cp1251 actually) to copy filtered resources, i.e. build is platform dependent!
[INFO] skip non existing resourceDirectory C:\Users\Anarion\IdeaProjects\CsvMonitorApp\src\test\resources
[INFO] 
[INFO] --- maven-compiler-plugin:3.1:testCompile (default-testCompile) @ monitor ---
[INFO] Nothing to compile - all classes are up to date
[INFO] 
[INFO] --- maven-surefire-plugin:2.12.4:test (default-test) @ monitor ---
[INFO] No tests to run.
[INFO] 
[INFO] --- maven-jar-plugin:2.4:jar (default-jar) @ monitor ---
[INFO] Building jar: C:\Users\Anarion\IdeaProjects\CsvMonitorApp\target\monitor-1.0-SNAPSHOT.jar
[INFO] 
[INFO] --- maven-install-plugin:2.4:install (default-install) @ monitor ---
[INFO] Installing C:\Users\Anarion\IdeaProjects\CsvMonitorApp\target\monitor-1.0-SNAPSHOT.jar to C:\Users\Anarion\.m2\repository\com\roi\monitor\1.0-SNAPSHOT\monitor-1.0-SNAPSHOT.jar
[INFO] Installing C:\Users\Anarion\IdeaProjects\CsvMonitorApp\pom.xml to C:\Users\Anarion\.m2\repository\com\roi\monitor\1.0-SNAPSHOT\monitor-1.0-SNAPSHOT.pom
[INFO] ------------------------------------------------------------------------
[INFO] BUILD SUCCESS
[INFO] ------------------------------------------------------------------------
[INFO] Total time: 1.695 s
[INFO] Finished at: 2016-03-01T17:18:57+03:00
[INFO] Final Memory: 17M/168M
[INFO] ------------------------------------------------------------------------
